Archive member included to satisfy reference by file (symbol)

../Core/Lib\libarm_cortexM4lf_math.a(arm_sin_f32.o)
                              ./Core/Src/asmx2cos.o (arm_sin_f32)
../Core/Lib\libarm_cortexM4lf_math.a(arm_cos_f32.o)
                              ./Core/Src/asmx2cos.o (arm_cos_f32)
../Core/Lib\libarm_cortexM4lf_math.a(arm_common_tables.o)
                              ../Core/Lib\libarm_cortexM4lf_math.a(arm_sin_f32.o) (sinTable_f32)
C:/ST/STM32CubeIDE_1.13.1/STM32CubeIDE/plugins/com.st.stm32cube.ide.mcu.externaltools.gnu-tools-for-stm32.11.3.rel1.win32_1.1.0.202305231506/tools/bin/../lib/gcc/arm-none-eabi/11.3.1/../../../../arm-none-eabi/lib/thumb/v7e-m+fp/hard\libc_nano.a(libc_a-exit.o)
                              C:/ST/STM32CubeIDE_1.13.1/STM32CubeIDE/plugins/com.st.stm32cube.ide.mcu.externaltools.gnu-tools-for-stm32.11.3.rel1.win32_1.1.0.202305231506/tools/bin/../lib/gcc/arm-none-eabi/11.3.1/../../../../arm-none-eabi/lib/thumb/v7e-m+fp/hard/crt0.o (exit)
C:/ST/STM32CubeIDE_1.13.1/STM32CubeIDE/plugins/com.st.stm32cube.ide.mcu.externaltools.gnu-tools-for-stm32.11.3.rel1.win32_1.1.0.202305231506/tools/bin/../lib/gcc/arm-none-eabi/11.3.1/../../../../arm-none-eabi/lib/thumb/v7e-m+fp/hard\libc_nano.a(libc_a-findfp.o)
                              C:/ST/STM32CubeIDE_1.13.1/STM32CubeIDE/plugins/com.st.stm32cube.ide.mcu.externaltools.gnu-tools-for-stm32.11.3.rel1.win32_1.1.0.202305231506/tools/bin/../lib/gcc/arm-none-eabi/11.3.1/../../../../arm-none-eabi/lib/thumb/v7e-m+fp/hard\libc_nano.a(libc_a-exit.o) (__stdio_exit_handler)
C:/ST/STM32CubeIDE_1.13.1/STM32CubeIDE/plugins/com.st.stm32cube.ide.mcu.externaltools.gnu-tools-for-stm32.11.3.rel1.win32_1.1.0.202305231506/tools/bin/../lib/gcc/arm-none-eabi/11.3.1/../../../../arm-none-eabi/lib/thumb/v7e-m+fp/hard\libc_nano.a(libc_a-fwalk.o)
                              C:/ST/STM32CubeIDE_1.13.1/STM32CubeIDE/plugins/com.st.stm32cube.ide.mcu.externaltools.gnu-tools-for-stm32.11.3.rel1.win32_1.1.0.202305231506/tools/bin/../lib/gcc/arm-none-eabi/11.3.1/../../../../arm-none-eabi/lib/thumb/v7e-m+fp/hard\libc_nano.a(libc_a-findfp.o) (_fwalk_sglue)
C:/ST/STM32CubeIDE_1.13.1/STM32CubeIDE/plugins/com.st.stm32cube.ide.mcu.externaltools.gnu-tools-for-stm32.11.3.rel1.win32_1.1.0.202305231506/tools/bin/../lib/gcc/arm-none-eabi/11.3.1/../../../../arm-none-eabi/lib/thumb/v7e-m+fp/hard\libc_nano.a(libc_a-stdio.o)
                              C:/ST/STM32CubeIDE_1.13.1/STM32CubeIDE/plugins/com.st.stm32cube.ide.mcu.externaltools.gnu-tools-for-stm32.11.3.rel1.win32_1.1.0.202305231506/tools/bin/../lib/gcc/arm-none-eabi/11.3.1/../../../../arm-none-eabi/lib/thumb/v7e-m+fp/hard\libc_nano.a(libc_a-findfp.o) (__sread)
C:/ST/STM32CubeIDE_1.13.1/STM32CubeIDE/plugins/com.st.stm32cube.ide.mcu.externaltools.gnu-tools-for-stm32.11.3.rel1.win32_1.1.0.202305231506/tools/bin/../lib/gcc/arm-none-eabi/11.3.1/../../../../arm-none-eabi/lib/thumb/v7e-m+fp/hard\libc_nano.a(libc_a-memset.o)
                              C:/ST/STM32CubeIDE_1.13.1/STM32CubeIDE/plugins/com.st.stm32cube.ide.mcu.externaltools.gnu-tools-for-stm32.11.3.rel1.win32_1.1.0.202305231506/tools/bin/../lib/gcc/arm-none-eabi/11.3.1/../../../../arm-none-eabi/lib/thumb/v7e-m+fp/hard/crt0.o (memset)
C:/ST/STM32CubeIDE_1.13.1/STM32CubeIDE/plugins/com.st.stm32cube.ide.mcu.externaltools.gnu-tools-for-stm32.11.3.rel1.win32_1.1.0.202305231506/tools/bin/../lib/gcc/arm-none-eabi/11.3.1/../../../../arm-none-eabi/lib/thumb/v7e-m+fp/hard\libc_nano.a(libc_a-closer.o)
                              C:/ST/STM32CubeIDE_1.13.1/STM32CubeIDE/plugins/com.st.stm32cube.ide.mcu.externaltools.gnu-tools-for-stm32.11.3.rel1.win32_1.1.0.202305231506/tools/bin/../lib/gcc/arm-none-eabi/11.3.1/../../../../arm-none-eabi/lib/thumb/v7e-m+fp/hard\libc_nano.a(libc_a-stdio.o) (_close_r)
C:/ST/STM32CubeIDE_1.13.1/STM32CubeIDE/plugins/com.st.stm32cube.ide.mcu.externaltools.gnu-tools-for-stm32.11.3.rel1.win32_1.1.0.202305231506/tools/bin/../lib/gcc/arm-none-eabi/11.3.1/../../../../arm-none-eabi/lib/thumb/v7e-m+fp/hard\libc_nano.a(libc_a-reent.o)
                              C:/ST/STM32CubeIDE_1.13.1/STM32CubeIDE/plugins/com.st.stm32cube.ide.mcu.externaltools.gnu-tools-for-stm32.11.3.rel1.win32_1.1.0.202305231506/tools/bin/../lib/gcc/arm-none-eabi/11.3.1/../../../../arm-none-eabi/lib/thumb/v7e-m+fp/hard\libc_nano.a(libc_a-closer.o) (errno)
C:/ST/STM32CubeIDE_1.13.1/STM32CubeIDE/plugins/com.st.stm32cube.ide.mcu.externaltools.gnu-tools-for-stm32.11.3.rel1.win32_1.1.0.202305231506/tools/bin/../lib/gcc/arm-none-eabi/11.3.1/../../../../arm-none-eabi/lib/thumb/v7e-m+fp/hard\libc_nano.a(libc_a-impure.o)
                              C:/ST/STM32CubeIDE_1.13.1/STM32CubeIDE/plugins/com.st.stm32cube.ide.mcu.externaltools.gnu-tools-for-stm32.11.3.rel1.win32_1.1.0.202305231506/tools/bin/../lib/gcc/arm-none-eabi/11.3.1/../../../../arm-none-eabi/lib/thumb/v7e-m+fp/hard\libc_nano.a(libc_a-reent.o) (_impure_ptr)
[...]
Memory Configuration

Name             Origin             Length             Attributes
RAM              0x0000000020000000 0x0000000000018000 xrw
RAM2             0x0000000010000000 0x0000000000008000 xrw
FLASH            0x0000000008000000 0x0000000000100000 xr
*default*        0x0000000000000000 0xffffffffffffffff

Linker script and memory map

LOAD C:/ST/STM32CubeIDE_1.13.1/STM32CubeIDE/plugins/com.st.stm32cube.ide.mcu.externaltools.gnu-tools-for-stm32.11.3.rel1.win32_1.1.0.202305231506/tools/bin/../lib/gcc/arm-none-eabi/11.3.1/thumb/v7e-m+fp/hard/crti.o
LOAD C:/ST/STM32CubeIDE_1.13.1/STM32CubeIDE/plugins/com.st.stm32cube.ide.mcu.externaltools.gnu-tools-for-stm32.11.3.rel1.win32_1.1.0.202305231506/tools/bin/../lib/gcc/arm-none-eabi/11.3.1/thumb/v7e-m+fp/hard/crtbegin.o
LOAD C:/ST/STM32CubeIDE_1.13.1/STM32CubeIDE/plugins/com.st.stm32cube.ide.mcu.externaltools.gnu-tools-for-stm32.11.3.rel1.win32_1.1.0.202305231506/tools/bin/../lib/gcc/arm-none-eabi/11.3.1/../../../../arm-none-eabi/lib/thumb/v7e-m+fp/hard/crt0.o
LOAD ./Core/Src/asmfpusqrt.o
LOAD ./Core/Src/asmx2cos.o
LOAD ./Core/Src/cnewtonsqrt.o
LOAD ./Core/Src/cnewtonx2cos.o
LOAD ./Core/Src/main.o
LOAD ./Core/Src/stm32l4xx_hal_msp.o
LOAD ./Core/Src/stm32l4xx_it.o
LOAD ./Core/Src/syscalls.o
LOAD ./Core/Src/sysmem.o
LOAD ./Core/Src/system_stm32l4xx.o
LOAD ./Core/Startup/startup_stm32l475vgtx.o
LOAD ./Drivers/STM32L4xx_HAL_Driver/Src/stm32l4xx_hal.o
LOAD ./Drivers/STM32L4xx_HAL_Driver/Src/stm32l4xx_hal_cortex.o
LOAD ./Drivers/STM32L4xx_HAL_Driver/Src/stm32l4xx_hal_dma.o
LOAD ./Drivers/STM32L4xx_HAL_Driver/Src/stm32l4xx_hal_dma_ex.o
LOAD ./Drivers/STM32L4xx_HAL_Driver/Src/stm32l4xx_hal_exti.o
LOAD ./Drivers/STM32L4xx_HAL_Driver/Src/stm32l4xx_hal_flash.o
LOAD ./Drivers/STM32L4xx_HAL_Driver/Src/stm32l4xx_hal_flash_ex.o
LOAD ./Drivers/STM32L4xx_HAL_Driver/Src/stm32l4xx_hal_flash_ramfunc.o
LOAD ./Drivers/STM32L4xx_HAL_Driver/Src/stm32l4xx_hal_gpio.o
LOAD ./Drivers/STM32L4xx_HAL_Driver/Src/stm32l4xx_hal_pwr.o
LOAD ./Drivers/STM32L4xx_HAL_Driver/Src/stm32l4xx_hal_pwr_ex.o
LOAD ./Drivers/STM32L4xx_HAL_Driver/Src/stm32l4xx_hal_rcc.o
LOAD ./Drivers/STM32L4xx_HAL_Driver/Src/stm32l4xx_hal_rcc_ex.o
LOAD ./Drivers/STM32L4xx_HAL_Driver/Src/stm32l4xx_hal_tim.o
LOAD ./Drivers/STM32L4xx_HAL_Driver/Src/stm32l4xx_hal_tim_ex.o
LOAD ../Core/Lib\libarm_cortexM4lf_math.a
START GROUP
LOAD C:/ST/STM32CubeIDE_1.13.1/STM32CubeIDE/plugins/com.st.stm32cube.ide.mcu.externaltools.gnu-tools-for-stm32.11.3.rel1.win32_1.1.0.202305231506/tools/bin/../lib/gcc/arm-none-eabi/11.3.1/../../../../arm-none-eabi/lib/thumb/v7e-m+fp/hard\libc_nano.a
LOAD C:/ST/STM32CubeIDE_1.13.1/STM32CubeIDE/plugins/com.st.stm32cube.ide.mcu.externaltools.gnu-tools-for-stm32.11.3.rel1.win32_1.1.0.202305231506/tools/bin/../lib/gcc/arm-none-eabi/11.3.1/../../../../arm-none-eabi/lib/thumb/v7e-m+fp/hard\libm.a
END GROUP
START GROUP
LOAD C:/ST/STM32CubeIDE_1.13.1/STM32CubeIDE/plugins/com.st.stm32cube.ide.mcu.externaltools.gnu-tools-for-stm32.11.3.rel1.win32_1.1.0.202305231506/tools/bin/../lib/gcc/arm-none-eabi/11.3.1/thumb/v7e-m+fp/hard\libgcc.a
LOAD C:/ST/STM32CubeIDE_1.13.1/STM32CubeIDE/plugins/com.st.stm32cube.ide.mcu.externaltools.gnu-tools-for-stm32.11.3.rel1.win32_1.1.0.202305231506/tools/bin/../lib/gcc/arm-none-eabi/11.3.1/../../../../arm-none-eabi/lib/thumb/v7e-m+fp/hard\libc_nano.a
END GROUP
START GROUP
LOAD C:/ST/STM32CubeIDE_1.13.1/STM32CubeIDE/plugins/com.st.stm32cube.ide.mcu.externaltools.gnu-tools-for-stm32.11.3.rel1.win32_1.1.0.202305231506/tools/bin/../lib/gcc/arm-none-eabi/11.3.1/thumb/v7e-m+fp/hard\libgcc.a
LOAD C:/ST/STM32CubeIDE_1.13.1/STM32CubeIDE/plugins/com.st.stm32cube.ide.mcu.externaltools.gnu-tools-for-stm32.11.3.rel1.win32_1.1.0.202305231506/tools/bin/../lib/gcc/arm-none-eabi/11.3.1/../../../../arm-none-eabi/lib/thumb/v7e-m+fp/hard\libc_nano.a
LOAD C:/ST/STM32CubeIDE_1.13.1/STM32CubeIDE/plugins/com.st.stm32cube.ide.mcu.externaltools.gnu-tools-for-stm32.11.3.rel1.win32_1.1.0.202305231506/tools/bin/../lib/gcc/arm-none-eabi/11.3.1/../../../../arm-none-eabi/lib/thumb/v7e-m+fp/hard\libnosys.a
END GROUP
START GROUP
LOAD C:/ST/STM32CubeIDE_1.13.1/STM32CubeIDE/plugins/com.st.stm32cube.ide.mcu.externaltools.gnu-tools-for-stm32.11.3.rel1.win32_1.1.0.202305231506/tools/bin/../lib/gcc/arm-none-eabi/11.3.1/thumb/v7e-m+fp/hard\libgcc.a
LOAD C:/ST/STM32CubeIDE_1.13.1/STM32CubeIDE/plugins/com.st.stm32cube.ide.mcu.externaltools.gnu-tools-for-stm32.11.3.rel1.win32_1.1.0.202305231506/tools/bin/../lib/gcc/arm-none-eabi/11.3.1/../../../../arm-none-eabi/lib/thumb/v7e-m+fp/hard\libc_nano.a
LOAD C:/ST/STM32CubeIDE_1.13.1/STM32CubeIDE/plugins/com.st.stm32cube.ide.mcu.externaltools.gnu-tools-for-stm32.11.3.rel1.win32_1.1.0.202305231506/tools/bin/../lib/gcc/arm-none-eabi/11.3.1/../../../../arm-none-eabi/lib/thumb/v7e-m+fp/hard\libnosys.a
END GROUP
LOAD C:/ST/STM32CubeIDE_1.13.1/STM32CubeIDE/plugins/com.st.stm32cube.ide.mcu.externaltools.gnu-tools-for-stm32.11.3.rel1.win32_1.1.0.202305231506/tools/bin/../lib/gcc/arm-none-eabi/11.3.1/thumb/v7e-m+fp/hard/crtend.o
LOAD C:/ST/STM32CubeIDE_1.13.1/STM32CubeIDE/plugins/com.st.stm32cube.ide.mcu.externaltools.gnu-tools-for-stm32.11.3.rel1.win32_1.1.0.202305231506/tools/bin/../lib/gcc/arm-none-eabi/11.3.1/thumb/v7e-m+fp/hard/crtn.o
                0x0000000020018000                _estack = (ORIGIN (RAM) + LENGTH (RAM))
                0x0000000000000200                _Min_Heap_Size = 0x200
                0x0000000000000400                _Min_Stack_Size = 0x400

.isr_vector     0x0000000008000000      0x188
                0x0000000008000000                . = ALIGN (0x4)
 *(.isr_vector)
 .isr_vector    0x0000000008000000      0x188 ./Core/Startup/startup_stm32l475vgtx.o
                0x0000000008000000                g_pfnVectors
                0x0000000008000188                . = ALIGN (0x4)

.text           0x0000000008000188     0x16cc
                0x0000000008000188                . = ALIGN (0x4)
 *(.text)
 .text          0x0000000008000188       0x40 C:/ST/STM32CubeIDE_1.13.1/STM32CubeIDE/plugins/com.st.stm32cube.ide.mcu.externaltools.gnu-tools-for-stm32.11.3.rel1.win32_1.1.0.202305231506/tools/bin/../lib/gcc/arm-none-eabi/11.3.1/thumb/v7e-m+fp/hard/crtbegin.o
 *(.text*)
 .text.rodata   0x00000000080001c8        0xa ./Core/Src/asmfpusqrt.o
                0x00000000080001c8                asmFpuSqrt
 .text.rodata   0x00000000080001d2       0xa2 ./Core/Src/asmx2cos.o
                0x00000000080001d6                asmx2cos
 .text.cNewtonSqrt
                0x0000000008000274       0xac ./Core/Src/cnewtonsqrt.o
                0x0000000008000274                cNewtonSqrt
 .text.cNewtonx2cos
                0x0000000008000320       0xe8 ./Core/Src/cnewtonx2cos.o
                0x0000000008000320                cNewtonx2cos
 .text.main     0x0000000008000408      0x16c ./Core/Src/main.o
                0x0000000008000408                main
 .text.SystemClock_Config
                0x0000000008000574       0xa4 ./Core/Src/main.o
                0x0000000008000574                SystemClock_Config
 .text.MX_GPIO_Init
                0x0000000008000618       0x30 ./Core/Src/main.o
 .text.Error_Handler
                0x0000000008000648        0xa ./Core/Src/main.o
                0x0000000008000648                Error_Handler
 *fill*         0x0000000008000652        0x2 
 .text.HAL_MspInit
                0x0000000008000654       0x48 ./Core/Src/stm32l4xx_hal_msp.o
                0x0000000008000654                HAL_MspInit
 .text.NMI_Handler
                0x000000000800069c        0x6 ./Core/Src/stm32l4xx_it.o
                0x000000000800069c                NMI_Handler
 .text.HardFault_Handler
                0x00000000080006a2        0x6 ./Core/Src/stm32l4xx_it.o
                0x00000000080006a2                HardFault_Handler
 .text.MemManage_Handler
                0x00000000080006a8        0x6 ./Core/Src/stm32l4xx_it.o
                0x00000000080006a8                MemManage_Handler
 .text.BusFault_Handler
                0x00000000080006ae        0x6 ./Core/Src/stm32l4xx_it.o
                0x00000000080006ae                BusFault_Handler
 .text.UsageFault_Handler
                0x00000000080006b4        0x6 ./Core/Src/stm32l4xx_it.o
                0x00000000080006b4                UsageFault_Handler
 .text.SVC_Handler
                0x00000000080006ba        0xe ./Core/Src/stm32l4xx_it.o
                0x00000000080006ba                SVC_Handler
 .text.DebugMon_Handler
                0x00000000080006c8        0xe ./Core/Src/stm32l4xx_it.o
                0x00000000080006c8                DebugMon_Handler
 .text.PendSV_Handler
                0x00000000080006d6        0xe ./Core/Src/stm32l4xx_it.o
                0x00000000080006d6                PendSV_Handler
 .text.SysTick_Handler
                0x00000000080006e4        0xc ./Core/Src/stm32l4xx_it.o
                0x00000000080006e4                SysTick_Handler
 .text.SystemInit
                0x00000000080006f0       0x24 ./Core/Src/system_stm32l4xx.o
                0x00000000080006f0                SystemInit
 .text.Reset_Handler
                0x0000000008000714       0x50 ./Core/Startup/startup_stm32l475vgtx.o
                0x0000000008000714                Reset_Handler
 .text.Default_Handler
                0x0000000008000764        0x2 ./Core/Startup/startup_stm32l475vgtx.o
                0x0000000008000764                RTC_Alarm_IRQHandler
                0x0000000008000764                EXTI2_IRQHandler
                0x0000000008000764                TIM8_TRG_COM_IRQHandler
                0x0000000008000764                TIM8_CC_IRQHandler
                0x0000000008000764                TIM1_CC_IRQHandler
                0x0000000008000764                TSC_IRQHandler
                0x0000000008000764                TAMP_STAMP_IRQHandler
                0x0000000008000764                EXTI3_IRQHandler
                0x0000000008000764                LPTIM2_IRQHandler
                0x0000000008000764                DFSDM1_FLT1_IRQHandler
                0x0000000008000764                I2C3_ER_IRQHandler
                0x0000000008000764                DFSDM1_FLT2_IRQHandler
                0x0000000008000764                EXTI0_IRQHandler
                0x0000000008000764                I2C2_EV_IRQHandler
                0x0000000008000764                CAN1_RX0_IRQHandler
                0x0000000008000764                FPU_IRQHandler
                0x0000000008000764                TIM1_UP_TIM16_IRQHandler
                0x0000000008000764                ADC1_2_IRQHandler
                0x0000000008000764                SPI1_IRQHandler
                0x0000000008000764                TIM6_DAC_IRQHandler
                0x0000000008000764                TIM8_UP_IRQHandler
                0x0000000008000764                DMA2_Channel2_IRQHandler
                0x0000000008000764                DMA1_Channel4_IRQHandler
                0x0000000008000764                SAI2_IRQHandler
                0x0000000008000764                DFSDM1_FLT3_IRQHandler
                0x0000000008000764                USART3_IRQHandler
                0x0000000008000764                DMA1_Channel7_IRQHandler
                0x0000000008000764                CAN1_RX1_IRQHandler
                0x0000000008000764                UART5_IRQHandler
                0x0000000008000764                ADC3_IRQHandler
                0x0000000008000764                TIM4_IRQHandler
                0x0000000008000764                DMA2_Channel1_IRQHandler
                0x0000000008000764                QUADSPI_IRQHandler
                0x0000000008000764                I2C1_EV_IRQHandler
                0x0000000008000764                DMA1_Channel6_IRQHandler
                0x0000000008000764                UART4_IRQHandler
                0x0000000008000764                DMA2_Channel4_IRQHandler
                0x0000000008000764                TIM3_IRQHandler
                0x0000000008000764                RCC_IRQHandler
                0x0000000008000764                DMA1_Channel1_IRQHandler
                0x0000000008000764                Default_Handler
                0x0000000008000764                DMA2_Channel7_IRQHandler
                0x0000000008000764                EXTI15_10_IRQHandler
                0x0000000008000764                TIM7_IRQHandler
                0x0000000008000764                SDMMC1_IRQHandler
                0x0000000008000764                TIM5_IRQHandler
                0x0000000008000764                I2C3_EV_IRQHandler
                0x0000000008000764                EXTI9_5_IRQHandler
                0x0000000008000764                RTC_WKUP_IRQHandler
                0x0000000008000764                PVD_PVM_IRQHandler
                0x0000000008000764                SPI2_IRQHandler
                0x0000000008000764                CAN1_TX_IRQHandler
                0x0000000008000764                DMA2_Channel5_IRQHandler
                0x0000000008000764                DMA1_Channel5_IRQHandler
                0x0000000008000764                EXTI4_IRQHandler
                0x0000000008000764                RNG_IRQHandler
                0x0000000008000764                TIM1_TRG_COM_TIM17_IRQHandler
                0x0000000008000764                DMA1_Channel3_IRQHandler
                0x0000000008000764                COMP_IRQHandler
                0x0000000008000764                WWDG_IRQHandler
                0x0000000008000764                LPUART1_IRQHandler
                0x0000000008000764                DMA2_Channel6_IRQHandler
                0x0000000008000764                TIM2_IRQHandler
                0x0000000008000764                EXTI1_IRQHandler
                0x0000000008000764                USART2_IRQHandler
                0x0000000008000764                DFSDM1_FLT0_IRQHandler
                0x0000000008000764                I2C2_ER_IRQHandler
                0x0000000008000764                DMA1_Channel2_IRQHandler
                0x0000000008000764                TIM8_BRK_IRQHandler
                0x0000000008000764                CAN1_SCE_IRQHandler
                0x0000000008000764                FLASH_IRQHandler
                0x0000000008000764                USART1_IRQHandler
                0x0000000008000764                OTG_FS_IRQHandler
                0x0000000008000764                SPI3_IRQHandler
                0x0000000008000764                I2C1_ER_IRQHandler
                0x0000000008000764                FMC_IRQHandler
                0x0000000008000764                SWPMI1_IRQHandler
                0x0000000008000764                LPTIM1_IRQHandler
                0x0000000008000764                SAI1_IRQHandler
                0x0000000008000764                DMA2_Channel3_IRQHandler
                0x0000000008000764                TIM1_BRK_TIM15_IRQHandler
 .text.HAL_Init
                0x0000000008000766       0x30 ./Drivers/STM32L4xx_HAL_Driver/Src/stm32l4xx_hal.o
                0x0000000008000766                HAL_Init
 *fill*         0x0000000008000796        0x2 
 .text.HAL_InitTick
                0x0000000008000798       0x78 ./Drivers/STM32L4xx_HAL_Driver/Src/stm32l4xx_hal.o
                0x0000000008000798                HAL_InitTick
 .text.HAL_IncTick
                0x0000000008000810       0x28 ./Drivers/STM32L4xx_HAL_Driver/Src/stm32l4xx_hal.o
                0x0000000008000810                HAL_IncTick
 .text.HAL_GetTick
                0x0000000008000838       0x18 ./Drivers/STM32L4xx_HAL_Driver/Src/stm32l4xx_hal.o
                0x0000000008000838                HAL_GetTick
 .text.__NVIC_SetPriorityGrouping
                0x0000000008000850       0x48 ./Drivers/STM32L4xx_HAL_Driver/Src/stm32l4xx_hal_cortex.o
 .text.__NVIC_GetPriorityGrouping
                0x0000000008000898       0x1c ./Drivers/STM32L4xx_HAL_Driver/Src/stm32l4xx_hal_cortex.o
 .text.__NVIC_SetPriority
                0x00000000080008b4       0x54 ./Drivers/STM32L4xx_HAL_Driver/Src/stm32l4xx_hal_cortex.o
 .text.NVIC_EncodePriority
                0x0000000008000908       0x66 ./Drivers/STM32L4xx_HAL_Driver/Src/stm32l4xx_hal_cortex.o
 *fill*         0x000000000800096e        0x2 
 .text.SysTick_Config
                0x0000000008000970       0x44 ./Drivers/STM32L4xx_HAL_Driver/Src/stm32l4xx_hal_cortex.o
 .text.HAL_NVIC_SetPriorityGrouping
                0x00000000080009b4       0x16 ./Drivers/STM32L4xx_HAL_Driver/Src/stm32l4xx_hal_cortex.o
                0x00000000080009b4                HAL_NVIC_SetPriorityGrouping
 .text.HAL_NVIC_SetPriority
                0x00000000080009ca       0x38 ./Drivers/STM32L4xx_HAL_Driver/Src/stm32l4xx_hal_cortex.o
                0x00000000080009ca                HAL_NVIC_SetPriority
 .text.HAL_SYSTICK_Config
                0x0000000008000a02       0x18 ./Drivers/STM32L4xx_HAL_Driver/Src/stm32l4xx_hal_cortex.o
                0x0000000008000a02                HAL_SYSTICK_Config
 *fill*         0x0000000008000a1a        0x2 
 .text.HAL_PWREx_GetVoltageRange
                0x0000000008000a1c       0x1c ./Drivers/STM32L4xx_HAL_Driver/Src/stm32l4xx_hal_pwr_ex.o
                0x0000000008000a1c                HAL_PWREx_GetVoltageRange
 .text.HAL_PWREx_ControlVoltageScaling
                0x0000000008000a38       0xac ./Drivers/STM32L4xx_HAL_Driver/Src/stm32l4xx_hal_pwr_ex.o
                0x0000000008000a38                HAL_PWREx_ControlVoltageScaling
 .text.HAL_RCC_OscConfig
                0x0000000008000ae4      0x7b8 ./Drivers/STM32L4xx_HAL_Driver/Src/stm32l4xx_hal_rcc.o
                0x0000000008000ae4                HAL_RCC_OscConfig
 .text.HAL_RCC_ClockConfig
                0x000000000800129c      0x200 ./Drivers/STM32L4xx_HAL_Driver/Src/stm32l4xx_hal_rcc.o
                0x000000000800129c                HAL_RCC_ClockConfig
 .text.HAL_RCC_GetSysClockFreq
                0x000000000800149c      0x118 ./Drivers/STM32L4xx_HAL_Driver/Src/stm32l4xx_hal_rcc.o
                0x000000000800149c                HAL_RCC_GetSysClockFreq
 .text.RCC_SetFlashLatencyFromMSIRange
                0x00000000080015b4       0xc0 ./Drivers/STM32L4xx_HAL_Driver/Src/stm32l4xx_hal_rcc.o
 .text.arm_sin_f32
                0x0000000008001674       0x8c ../Core/Lib\libarm_cortexM4lf_math.a(arm_sin_f32.o)
                0x0000000008001674                arm_sin_f32
 .text.arm_cos_f32
                0x0000000008001700       0x94 ../Core/Lib\libarm_cortexM4lf_math.a(arm_cos_f32.o)
                0x0000000008001700                arm_cos_f32
 .text.memset   0x0000000008001794       0x10 C:/ST/STM32CubeIDE_1.13.1/STM32CubeIDE/plugins/com.st.stm32cube.ide.mcu.externaltools.gnu-tools-for-stm32.11.3.rel1.win32_1.1.0.202305231506/tools/bin/../lib/gcc/arm-none-eabi/11.3.1/../../../../arm-none-eabi/lib/thumb/v7e-m+fp/hard\libc_nano.a(libc_a-memset.o)
                0x0000000008001794                memset
 .text.__errno  0x00000000080017a4        0xc C:/ST/STM32CubeIDE_1.13.1/STM32CubeIDE/plugins/com.st.stm32cube.ide.mcu.externaltools.gnu-tools-for-stm32.11.3.rel1.win32_1.1.0.202305231506/tools/bin/../lib/gcc/arm-none-eabi/11.3.1/../../../../arm-none-eabi/lib/thumb/v7e-m+fp/hard\libc_nano.a(libc_a-errno.o)
                0x00000000080017a4                __errno
 .text.__libc_init_array
                0x00000000080017b0       0x48 C:/ST/STM32CubeIDE_1.13.1/STM32CubeIDE/plugins/com.st.stm32cube.ide.mcu.externaltools.gnu-tools-for-stm32.11.3.rel1.win32_1.1.0.202305231506/tools/bin/../lib/gcc/arm-none-eabi/11.3.1/../../../../arm-none-eabi/lib/thumb/v7e-m+fp/hard\libc_nano.a(libc_a-init.o)
                0x00000000080017b0                __libc_init_array
 .text.sqrtf    0x00000000080017f8       0x3c C:/ST/STM32CubeIDE_1.13.1/STM32CubeIDE/plugins/com.st.stm32cube.ide.mcu.externaltools.gnu-tools-for-stm32.11.3.rel1.win32_1.1.0.202305231506/tools/bin/../lib/gcc/arm-none-eabi/11.3.1/../../../../arm-none-eabi/lib/thumb/v7e-m+fp/hard\libm.a(libm_a-wf_sqrt.o)
                0x00000000080017f8                sqrtf
 .text.__ieee754_sqrtf
                0x0000000008001834        0x6 C:/ST/STM32CubeIDE_1.13.1/STM32CubeIDE/plugins/com.st.stm32cube.ide.mcu.externaltools.gnu-tools-for-stm32.11.3.rel1.win32_1.1.0.202305231506/tools/bin/../lib/gcc/arm-none-eabi/11.3.1/../../../../arm-none-eabi/lib/thumb/v7e-m+fp/hard\libm.a(libm_a-ef_sqrt.o)
                0x0000000008001834                __ieee754_sqrtf
 *(.glue_7)
 .glue_7        0x000000000800183a        0x0 linker stubs
 *(.glue_7t)
 .glue_7t       0x000000000800183a        0x0 linker stubs
 *(.eh_frame)
 *fill*         0x000000000800183a        0x2 
 .eh_frame      0x000000000800183c        0x0 C:/ST/STM32CubeIDE_1.13.1/STM32CubeIDE/plugins/com.st.stm32cube.ide.mcu.externaltools.gnu-tools-for-stm32.11.3.rel1.win32_1.1.0.202305231506/tools/bin/../lib/gcc/arm-none-eabi/11.3.1/thumb/v7e-m+fp/hard/crtbegin.o
 *(.init)
 .init          0x000000000800183c        0x4 C:/ST/STM32CubeIDE_1.13.1/STM32CubeIDE/plugins/com.st.stm32cube.ide.mcu.externaltools.gnu-tools-for-stm32.11.3.rel1.win32_1.1.0.202305231506/tools/bin/../lib/gcc/arm-none-eabi/11.3.1/thumb/v7e-m+fp/hard/crti.o
                0x000000000800183c                _init
 .init          0x0000000008001840        0x8 C:/ST/STM32CubeIDE_1.13.1/STM32CubeIDE/plugins/com.st.stm32cube.ide.mcu.externaltools.gnu-tools-for-stm32.11.3.rel1.win32_1.1.0.202305231506/tools/bin/../lib/gcc/arm-none-eabi/11.3.1/thumb/v7e-m+fp/hard/crtn.o
 *(.fini)
 .fini          0x0000000008001848        0x4 C:/ST/STM32CubeIDE_1.13.1/STM32CubeIDE/plugins/com.st.stm32cube.ide.mcu.externaltools.gnu-tools-for-stm32.11.3.rel1.win32_1.1.0.202305231506/tools/bin/../lib/gcc/arm-none-eabi/11.3.1/thumb/v7e-m+fp/hard/crti.o
                0x0000000008001848                _fini
 .fini          0x000000000800184c        0x8 C:/ST/STM32CubeIDE_1.13.1/STM32CubeIDE/plugins/com.st.stm32cube.ide.mcu.externaltools.gnu-tools-for-stm32.11.3.rel1.win32_1.1.0.202305231506/tools/bin/../lib/gcc/arm-none-eabi/11.3.1/thumb/v7e-m+fp/hard/crtn.o
                0x0000000008001854                . = ALIGN (0x4)
                0x0000000008001854                _etext = .

.vfp11_veneer   0x0000000008001854        0x0
 .vfp11_veneer  0x0000000008001854        0x0 linker stubs

.v4_bx          0x0000000008001854        0x0
 .v4_bx         0x0000000008001854        0x0 linker stubs

.iplt           0x0000000008001854        0x0
 .iplt          0x0000000008001854        0x0 C:/ST/STM32CubeIDE_1.13.1/STM32CubeIDE/plugins/com.st.stm32cube.ide.mcu.externaltools.gnu-tools-for-stm32.11.3.rel1.win32_1.1.0.202305231506/tools/bin/../lib/gcc/arm-none-eabi/11.3.1/thumb/v7e-m+fp/hard/crtbegin.o

.rodata         0x0000000008001854      0x844
                0x0000000008001854                . = ALIGN (0x4)
 *(.rodata)
 *(.rodata*)
 .rodata.AHBPrescTable
                0x0000000008001854       0x10 ./Core/Src/system_stm32l4xx.o
                0x0000000008001854                AHBPrescTable
 .rodata.MSIRangeTable
                0x0000000008001864       0x30 ./Core/Src/system_stm32l4xx.o
                0x0000000008001864                MSIRangeTable
 .rodata.sinTable_f32
                0x0000000008001894      0x804 ../Core/Lib\libarm_cortexM4lf_math.a(arm_common_tables.o)
                0x0000000008001894                sinTable_f32
                0x0000000008002098                . = ALIGN (0x4)

.rel.dyn        0x0000000008002098        0x0
 .rel.iplt      0x0000000008002098        0x0 C:/ST/STM32CubeIDE_1.13.1/STM32CubeIDE/plugins/com.st.stm32cube.ide.mcu.externaltools.gnu-tools-for-stm32.11.3.rel1.win32_1.1.0.202305231506/tools/bin/../lib/gcc/arm-none-eabi/11.3.1/thumb/v7e-m+fp/hard/crtbegin.o

.ARM.extab      0x0000000008002098        0x0
                0x0000000008002098                . = ALIGN (0x4)
 *(.ARM.extab* .gnu.linkonce.armextab.*)
                0x0000000008002098                . = ALIGN (0x4)

.ARM            0x0000000008002098        0x0
                0x0000000008002098                . = ALIGN (0x4)
                0x0000000008002098                __exidx_start = .
 *(.ARM.exidx*)
                0x0000000008002098                __exidx_end = .
                0x0000000008002098                . = ALIGN (0x4)

.preinit_array  0x0000000008002098        0x0
                0x0000000008002098                . = ALIGN (0x4)
                0x0000000008002098                PROVIDE (__preinit_array_start = .)
 *(.preinit_array*)
                0x0000000008002098                PROVIDE (__preinit_array_end = .)
                0x0000000008002098                . = ALIGN (0x4)

.init_array     0x0000000008002098        0x4
                0x0000000008002098                . = ALIGN (0x4)
                0x0000000008002098                PROVIDE (__init_array_start = .)
 *(SORT_BY_NAME(.init_array.*))
 *(.init_array*)
 .init_array    0x0000000008002098        0x4 C:/ST/STM32CubeIDE_1.13.1/STM32CubeIDE/plugins/com.st.stm32cube.ide.mcu.externaltools.gnu-tools-for-stm32.11.3.rel1.win32_1.1.0.202305231506/tools/bin/../lib/gcc/arm-none-eabi/11.3.1/thumb/v7e-m+fp/hard/crtbegin.o
                0x000000000800209c                PROVIDE (__init_array_end = .)
                0x000000000800209c                . = ALIGN (0x4)

.fini_array     0x000000000800209c        0x4
                0x000000000800209c                . = ALIGN (0x4)
                [!provide]                        PROVIDE (__fini_array_start = .)
 *(SORT_BY_NAME(.fini_array.*))
 *(.fini_array*)
 .fini_array    0x000000000800209c        0x4 C:/ST/STM32CubeIDE_1.13.1/STM32CubeIDE/plugins/com.st.stm32cube.ide.mcu.externaltools.gnu-tools-for-stm32.11.3.rel1.win32_1.1.0.202305231506/tools/bin/../lib/gcc/arm-none-eabi/11.3.1/thumb/v7e-m+fp/hard/crtbegin.o
                [!provide]                        PROVIDE (__fini_array_end = .)
                0x00000000080020a0                . = ALIGN (0x4)
                0x00000000080020a0                _sidata = LOADADDR (.data)

.data           0x0000000020000000       0x5c load address 0x00000000080020a0
                0x0000000020000000                . = ALIGN (0x4)
                0x0000000020000000                _sdata = .
 *(.data)
 *(.data*)
 .data.SystemCoreClock
                0x0000000020000000        0x4 ./Core/Src/system_stm32l4xx.o
                0x0000000020000000                SystemCoreClock
 .data.uwTickPrio
                0x0000000020000004        0x4 ./Drivers/STM32L4xx_HAL_Driver/Src/stm32l4xx_hal.o
                0x0000000020000004                uwTickPrio
 .data.uwTickFreq
                0x0000000020000008        0x1 ./Drivers/STM32L4xx_HAL_Driver/Src/stm32l4xx_hal.o
                0x0000000020000008                uwTickFreq
 *fill*         0x0000000020000009        0x3 
 .data._impure_data
                0x000000002000000c       0x4c C:/ST/STM32CubeIDE_1.13.1/STM32CubeIDE/plugins/com.st.stm32cube.ide.mcu.externaltools.gnu-tools-for-stm32.11.3.rel1.win32_1.1.0.202305231506/tools/bin/../lib/gcc/arm-none-eabi/11.3.1/../../../../arm-none-eabi/lib/thumb/v7e-m+fp/hard\libc_nano.a(libc_a-impure.o)
                0x000000002000000c                _impure_data
 .data._impure_ptr
                0x0000000020000058        0x4 C:/ST/STM32CubeIDE_1.13.1/STM32CubeIDE/plugins/com.st.stm32cube.ide.mcu.externaltools.gnu-tools-for-stm32.11.3.rel1.win32_1.1.0.202305231506/tools/bin/../lib/gcc/arm-none-eabi/11.3.1/../../../../arm-none-eabi/lib/thumb/v7e-m+fp/hard\libc_nano.a(libc_a-impure.o)
                0x0000000020000058                _impure_ptr
 *(.RamFunc)
 *(.RamFunc*)
                0x000000002000005c                . = ALIGN (0x4)
                0x000000002000005c                _edata = .

.igot.plt       0x000000002000005c        0x0 load address 0x00000000080020fc
 .igot.plt      0x000000002000005c        0x0 C:/ST/STM32CubeIDE_1.13.1/STM32CubeIDE/plugins/com.st.stm32cube.ide.mcu.externaltools.gnu-tools-for-stm32.11.3.rel1.win32_1.1.0.202305231506/tools/bin/../lib/gcc/arm-none-eabi/11.3.1/thumb/v7e-m+fp/hard/crtbegin.o
                0x000000002000005c                . = ALIGN (0x4)

.bss            0x000000002000005c      0x158 load address 0x00000000080020fc
                0x000000002000005c                _sbss = .
                0x000000002000005c                __bss_start__ = _sbss
 *(.bss)
 .bss           0x000000002000005c       0x1c C:/ST/STM32CubeIDE_1.13.1/STM32CubeIDE/plugins/com.st.stm32cube.ide.mcu.externaltools.gnu-tools-for-stm32.11.3.rel1.win32_1.1.0.202305231506/tools/bin/../lib/gcc/arm-none-eabi/11.3.1/thumb/v7e-m+fp/hard/crtbegin.o
 *(.bss*)
 .bss.uwTick    0x0000000020000078        0x4 ./Drivers/STM32L4xx_HAL_Driver/Src/stm32l4xx_hal.o
                0x0000000020000078                uwTick
 .bss.__sf      0x000000002000007c      0x138 C:/ST/STM32CubeIDE_1.13.1/STM32CubeIDE/plugins/com.st.stm32cube.ide.mcu.externaltools.gnu-tools-for-stm32.11.3.rel1.win32_1.1.0.202305231506/tools/bin/../lib/gcc/arm-none-eabi/11.3.1/../../../../arm-none-eabi/lib/thumb/v7e-m+fp/hard\libc_nano.a(libc_a-findfp.o)
                0x000000002000007c                __sf
 *(COMMON)
                0x00000000200001b4                . = ALIGN (0x4)
                0x00000000200001b4                _ebss = .
                0x00000000200001b4                __bss_end__ = _ebss

._user_heap_stack
                0x00000000200001b4      0x604 load address 0x00000000080020fc
                0x00000000200001b8                . = ALIGN (0x8)
 *fill*         0x00000000200001b4        0x4 
                [!provide]                        PROVIDE (end = .)
                0x00000000200001b8                PROVIDE (_end = .)
                0x00000000200003b8                . = (. + _Min_Heap_Size)
 *fill*         0x00000000200001b8      0x200 
                0x00000000200007b8                . = (. + _Min_Stack_Size)
 *fill*         0x00000000200003b8      0x400 
                0x00000000200007b8                . = ALIGN (0x8)

/DISCARD/
 libc.a(*)
 libm.a(*)
 libgcc.a(*)

.ARM.attributes
                0x0000000000000000       0x30
 *(.ARM.attributes)
 .ARM.attributes
                0x0000000000000000       0x1e C:/ST/STM32CubeIDE_1.13.1/STM32CubeIDE/plugins/com.st.stm32cube.ide.mcu.externaltools.gnu-tools-for-stm32.11.3.rel1.win32_1.1.0.202305231506/tools/bin/../lib/gcc/arm-none-eabi/11.3.1/thumb/v7e-m+fp/hard/crti.o
 .ARM.attributes
                0x000000000000001e       0x34 C:/ST/STM32CubeIDE_1.13.1/STM32CubeIDE/plugins/com.st.stm32cube.ide.mcu.externaltools.gnu-tools-for-stm32.11.3.rel1.win32_1.1.0.202305231506/tools/bin/../lib/gcc/arm-none-eabi/11.3.1/thumb/v7e-m+fp/hard/crtbegin.o
 .ARM.attributes
                0x0000000000000052       0x20 ./Core/Src/asmfpusqrt.o
 .ARM.attributes
                0x0000000000000072       0x20 ./Core/Src/asmx2cos.o
 .ARM.attributes
                0x0000000000000092       0x34 ./Core/Src/cnewtonsqrt.o
 .ARM.attributes
                0x00000000000000c6       0x34 ./Core/Src/cnewtonx2cos.o
 .ARM.attributes
                0x00000000000000fa       0x34 ./Core/Src/main.o
 .ARM.attributes
                0x000000000000012e       0x34 ./Core/Src/stm32l4xx_hal_msp.o
 .ARM.attributes
                0x0000000000000162       0x34 ./Core/Src/stm32l4xx_it.o
 .ARM.attributes
                0x0000000000000196       0x34 ./Core/Src/system_stm32l4xx.o
 .ARM.attributes
                0x00000000000001ca       0x21 ./Core/Startup/startup_stm32l475vgtx.o
 .ARM.attributes
                0x00000000000001eb       0x34 ./Drivers/STM32L4xx_HAL_Driver/Src/stm32l4xx_hal.o
 .ARM.attributes
                0x000000000000021f       0x34 ./Drivers/STM32L4xx_HAL_Driver/Src/stm32l4xx_hal_cortex.o
 .ARM.attributes
                0x0000000000000253       0x34 ./Drivers/STM32L4xx_HAL_Driver/Src/stm32l4xx_hal_pwr_ex.o
 .ARM.attributes
                0x0000000000000287       0x34 ./Drivers/STM32L4xx_HAL_Driver/Src/stm32l4xx_hal_rcc.o
 .ARM.attributes
                0x00000000000002bb       0x34 ../Core/Lib\libarm_cortexM4lf_math.a(arm_sin_f32.o)
 .ARM.attributes
                0x00000000000002ef       0x34 ../Core/Lib\libarm_cortexM4lf_math.a(arm_cos_f32.o)
 .ARM.attributes
                0x0000000000000323       0x39 ../Core/Lib\libarm_cortexM4lf_math.a(arm_common_tables.o)
 .ARM.attributes
                0x000000000000035c       0x34 C:/ST/STM32CubeIDE_1.13.1/STM32CubeIDE/plugins/com.st.stm32cube.ide.mcu.externaltools.gnu-tools-for-stm32.11.3.rel1.win32_1.1.0.202305231506/tools/bin/../lib/gcc/arm-none-eabi/11.3.1/../../../../arm-none-eabi/lib/thumb/v7e-m+fp/hard\libc_nano.a(libc_a-findfp.o)
 .ARM.attributes
                0x0000000000000390       0x34 C:/ST/STM32CubeIDE_1.13.1/STM32CubeIDE/plugins/com.st.stm32cube.ide.mcu.externaltools.gnu-tools-for-stm32.11.3.rel1.win32_1.1.0.202305231506/tools/bin/../lib/gcc/arm-none-eabi/11.3.1/../../../../arm-none-eabi/lib/thumb/v7e-m+fp/hard\libc_nano.a(libc_a-memset.o)
 .ARM.attributes
                0x00000000000003c4       0x34 C:/ST/STM32CubeIDE_1.13.1/STM32CubeIDE/plugins/com.st.stm32cube.ide.mcu.externaltools.gnu-tools-for-stm32.11.3.rel1.win32_1.1.0.202305231506/tools/bin/../lib/gcc/arm-none-eabi/11.3.1/../../../../arm-none-eabi/lib/thumb/v7e-m+fp/hard\libc_nano.a(libc_a-impure.o)
 .ARM.attributes
                0x00000000000003f8       0x34 C:/ST/STM32CubeIDE_1.13.1/STM32CubeIDE/plugins/com.st.stm32cube.ide.mcu.externaltools.gnu-tools-for-stm32.11.3.rel1.win32_1.1.0.202305231506/tools/bin/../lib/gcc/arm-none-eabi/11.3.1/../../../../arm-none-eabi/lib/thumb/v7e-m+fp/hard\libc_nano.a(libc_a-errno.o)
 .ARM.attributes
                0x000000000000042c       0x34 C:/ST/STM32CubeIDE_1.13.1/STM32CubeIDE/plugins/com.st.stm32cube.ide.mcu.externaltools.gnu-tools-for-stm32.11.3.rel1.win32_1.1.0.202305231506/tools/bin/../lib/gcc/arm-none-eabi/11.3.1/../../../../arm-none-eabi/lib/thumb/v7e-m+fp/hard\libc_nano.a(libc_a-init.o)
 .ARM.attributes
                0x0000000000000460       0x34 C:/ST/STM32CubeIDE_1.13.1/STM32CubeIDE/plugins/com.st.stm32cube.ide.mcu.externaltools.gnu-tools-for-stm32.11.3.rel1.win32_1.1.0.202305231506/tools/bin/../lib/gcc/arm-none-eabi/11.3.1/../../../../arm-none-eabi/lib/thumb/v7e-m+fp/hard\libm.a(libm_a-wf_sqrt.o)
 .ARM.attributes
                0x0000000000000494       0x34 C:/ST/STM32CubeIDE_1.13.1/STM32CubeIDE/plugins/com.st.stm32cube.ide.mcu.externaltools.gnu-tools-for-stm32.11.3.rel1.win32_1.1.0.202305231506/tools/bin/../lib/gcc/arm-none-eabi/11.3.1/../../../../arm-none-eabi/lib/thumb/v7e-m+fp/hard\libm.a(libm_a-ef_sqrt.o)
 .ARM.attributes
                0x00000000000004c8       0x1e C:/ST/STM32CubeIDE_1.13.1/STM32CubeIDE/plugins/com.st.stm32cube.ide.mcu.externaltools.gnu-tools-for-stm32.11.3.rel1.win32_1.1.0.202305231506/tools/bin/../lib/gcc/arm-none-eabi/11.3.1/thumb/v7e-m+fp/hard/crtn.o
OUTPUT(lab_1_sqrt_cos.elf elf32-littlearm)
LOAD linker stubs
LOAD C:/ST/STM32CubeIDE_1.13.1/STM32CubeIDE/plugins/com.st.stm32cube.ide.mcu.externaltools.gnu-tools-for-stm32.11.3.rel1.win32_1.1.0.202305231506/tools/bin/../lib/gcc/arm-none-eabi/11.3.1/../../../../arm-none-eabi/lib/thumb/v7e-m+fp/hard\libc.a
LOAD C:/ST/STM32CubeIDE_1.13.1/STM32CubeIDE/plugins/com.st.stm32cube.ide.mcu.externaltools.gnu-tools-for-stm32.11.3.rel1.win32_1.1.0.202305231506/tools/bin/../lib/gcc/arm-none-eabi/11.3.1/../../../../arm-none-eabi/lib/thumb/v7e-m+fp/hard\libm.a
LOAD C:/ST/STM32CubeIDE_1.13.1/STM32CubeIDE/plugins/com.st.stm32cube.ide.mcu.externaltools.gnu-tools-for-stm32.11.3.rel1.win32_1.1.0.202305231506/tools/bin/../lib/gcc/arm-none-eabi/11.3.1/thumb/v7e-m+fp/hard\libgcc.a

.comment        0x0000000000000000       0xb8
 .comment       0x0000000000000000       0x43 C:/ST/STM32CubeIDE_1.13.1/STM32CubeIDE/plugins/com.st.stm32cube.ide.mcu.externaltools.gnu-tools-for-stm32.11.3.rel1.win32_1.1.0.202305231506/tools/bin/../lib/gcc/arm-none-eabi/11.3.1/thumb/v7e-m+fp/hard/crtbegin.o
                                         0x44 (size before relaxing)
 .comment       0x0000000000000043       0x44 ./Core/Src/cnewtonsqrt.o
 .comment       0x0000000000000043       0x44 ./Core/Src/cnewtonx2cos.o
 .comment       0x0000000000000043       0x44 ./Core/Src/main.o
 .comment       0x0000000000000043       0x44 ./Core/Src/stm32l4xx_hal_msp.o
 .comment       0x0000000000000043       0x44 ./Core/Src/stm32l4xx_it.o
 .comment       0x0000000000000043       0x44 ./Core/Src/system_stm32l4xx.o
 .comment       0x0000000000000043       0x44 ./Drivers/STM32L4xx_HAL_Driver/Src/stm32l4xx_hal.o
 .comment       0x0000000000000043       0x44 ./Drivers/STM32L4xx_HAL_Driver/Src/stm32l4xx_hal_cortex.o
 .comment       0x0000000000000043       0x44 ./Drivers/STM32L4xx_HAL_Driver/Src/stm32l4xx_hal_pwr_ex.o
 .comment       0x0000000000000043       0x44 ./Drivers/STM32L4xx_HAL_Driver/Src/stm32l4xx_hal_rcc.o
 .comment       0x0000000000000043       0x75 ../Core/Lib\libarm_cortexM4lf_math.a(arm_sin_f32.o)
                                         0x76 (size before relaxing)
 .comment       0x00000000000000b8       0x76 ../Core/Lib\libarm_cortexM4lf_math.a(arm_cos_f32.o)
 .comment       0x00000000000000b8       0x76 ../Core/Lib\libarm_cortexM4lf_math.a(arm_common_tables.o)

.debug_line     0x0000000000000000     0x6da1
 .debug_line    0x0000000000000000       0x4b ./Core/Src/asmfpusqrt.o
 .debug_line    0x000000000000004b       0x74 ./Core/Src/asmx2cos.o
 .debug_line    0x00000000000000bf      0x8a6 ./Core/Src/cnewtonsqrt.o
 .debug_line    0x0000000000000965      0x8b9 ./Core/Src/cnewtonx2cos.o
 .debug_line    0x000000000000121e      0x9ec ./Core/Src/main.o
 .debug_line    0x0000000000001c0a      0x6e4 ./Core/Src/stm32l4xx_hal_msp.o
 .debug_line    0x00000000000022ee      0x7a6 ./Core/Src/stm32l4xx_it.o
 .debug_line    0x0000000000002a94      0x77b ./Core/Src/system_stm32l4xx.o
 .debug_line    0x000000000000320f       0x7a ./Core/Startup/startup_stm32l475vgtx.o
 .debug_line    0x0000000000003289      0xad3 ./Drivers/STM32L4xx_HAL_Driver/Src/stm32l4xx_hal.o
 .debug_line    0x0000000000003d5c      0xc7a ./Drivers/STM32L4xx_HAL_Driver/Src/stm32l4xx_hal_cortex.o
 .debug_line    0x00000000000049d6      0xc9b ./Drivers/STM32L4xx_HAL_Driver/Src/stm32l4xx_hal_pwr_ex.o
 .debug_line    0x0000000000005671      0xf4a ./Drivers/STM32L4xx_HAL_Driver/Src/stm32l4xx_hal_rcc.o
 .debug_line    0x00000000000065bb      0x2d0 ../Core/Lib\libarm_cortexM4lf_math.a(arm_sin_f32.o)
 .debug_line    0x000000000000688b      0x2d3 ../Core/Lib\libarm_cortexM4lf_math.a(arm_cos_f32.o)
 .debug_line    0x0000000000006b5e      0x243 ../Core/Lib\libarm_cortexM4lf_math.a(arm_common_tables.o)

.debug_line_str
                0x0000000000000000       0x90
 .debug_line_str
                0x0000000000000000       0x5d ./Core/Src/asmfpusqrt.o
                                         0x6a (size before relaxing)
 .debug_line_str
                0x000000000000005d        0xb ./Core/Src/asmx2cos.o
                                         0x66 (size before relaxing)
 .debug_line_str
                0x0000000000000068       0x28 ./Core/Startup/startup_stm32l475vgtx.o
                                         0x84 (size before relaxing)

.debug_info     0x0000000000000000     0x8864
 .debug_info    0x0000000000000000       0x24 ./Core/Src/asmfpusqrt.o
 .debug_info    0x0000000000000024       0x25 ./Core/Src/asmx2cos.o
 .debug_info    0x0000000000000049      0x141 ./Core/Src/cnewtonsqrt.o
 .debug_info    0x000000000000018a      0x1ab ./Core/Src/cnewtonx2cos.o
 .debug_info    0x0000000000000335      0x72e ./Core/Src/main.o
 .debug_info    0x0000000000000a63      0x2b9 ./Core/Src/stm32l4xx_hal_msp.o
 .debug_info    0x0000000000000d1c      0x113 ./Core/Src/stm32l4xx_it.o
 .debug_info    0x0000000000000e2f      0x5b1 ./Core/Src/system_stm32l4xx.o
 .debug_info    0x00000000000013e0       0x23 ./Core/Startup/startup_stm32l475vgtx.o
 .debug_info    0x0000000000001403      0xae5 ./Drivers/STM32L4xx_HAL_Driver/Src/stm32l4xx_hal.o
 .debug_info    0x0000000000001ee8      0xd46 ./Drivers/STM32L4xx_HAL_Driver/Src/stm32l4xx_hal_cortex.o
 .debug_info    0x0000000000002c2e      0x97a ./Drivers/STM32L4xx_HAL_Driver/Src/stm32l4xx_hal_pwr_ex.o
 .debug_info    0x00000000000035a8      0xc14 ./Drivers/STM32L4xx_HAL_Driver/Src/stm32l4xx_hal_rcc.o
 .debug_info    0x00000000000041bc     0x1612 ../Core/Lib\libarm_cortexM4lf_math.a(arm_sin_f32.o)
 .debug_info    0x00000000000057ce     0x1612 ../Core/Lib\libarm_cortexM4lf_math.a(arm_cos_f32.o)
 .debug_info    0x0000000000006de0     0x1a84 ../Core/Lib\libarm_cortexM4lf_math.a(arm_common_tables.o)

.debug_abbrev   0x0000000000000000     0x16f5
 .debug_abbrev  0x0000000000000000       0x14 ./Core/Src/asmfpusqrt.o
 .debug_abbrev  0x0000000000000014       0x14 ./Core/Src/asmx2cos.o
 .debug_abbrev  0x0000000000000028       0xc1 ./Core/Src/cnewtonsqrt.o
 .debug_abbrev  0x00000000000000e9       0xe4 ./Core/Src/cnewtonx2cos.o
 .debug_abbrev  0x00000000000001cd      0x261 ./Core/Src/main.o
 .debug_abbrev  0x000000000000042e       0xc6 ./Core/Src/stm32l4xx_hal_msp.o
 .debug_abbrev  0x00000000000004f4       0x73 ./Core/Src/stm32l4xx_it.o
 .debug_abbrev  0x0000000000000567      0x11a ./Core/Src/system_stm32l4xx.o
 .debug_abbrev  0x0000000000000681       0x12 ./Core/Startup/startup_stm32l475vgtx.o
 .debug_abbrev  0x0000000000000693      0x242 ./Drivers/STM32L4xx_HAL_Driver/Src/stm32l4xx_hal.o
 .debug_abbrev  0x00000000000008d5      0x327 ./Drivers/STM32L4xx_HAL_Driver/Src/stm32l4xx_hal_cortex.o
 .debug_abbrev  0x0000000000000bfc      0x1f9 ./Drivers/STM32L4xx_HAL_Driver/Src/stm32l4xx_hal_pwr_ex.o
 .debug_abbrev  0x0000000000000df5      0x2cb ./Drivers/STM32L4xx_HAL_Driver/Src/stm32l4xx_hal_rcc.o
 .debug_abbrev  0x00000000000010c0      0x22c ../Core/Lib\libarm_cortexM4lf_math.a(arm_sin_f32.o)
 .debug_abbrev  0x00000000000012ec      0x22c ../Core/Lib\libarm_cortexM4lf_math.a(arm_cos_f32.o)
 .debug_abbrev  0x0000000000001518      0x1dd ../Core/Lib\libarm_cortexM4lf_math.a(arm_common_tables.o)

.debug_aranges  0x0000000000000000      0x608
 .debug_aranges
                0x0000000000000000       0x20 ./Core/Src/asmfpusqrt.o
 .debug_aranges
                0x0000000000000020       0x20 ./Core/Src/asmx2cos.o
 .debug_aranges
                0x0000000000000040       0x20 ./Core/Src/cnewtonsqrt.o
 .debug_aranges
                0x0000000000000060       0x20 ./Core/Src/cnewtonx2cos.o
 .debug_aranges
                0x0000000000000080       0x38 ./Core/Src/main.o
 .debug_aranges
                0x00000000000000b8       0x20 ./Core/Src/stm32l4xx_hal_msp.o
 .debug_aranges
                0x00000000000000d8       0x60 ./Core/Src/stm32l4xx_it.o
 .debug_aranges
                0x0000000000000138       0x28 ./Core/Src/system_stm32l4xx.o
 .debug_aranges
                0x0000000000000160       0x28 ./Core/Startup/startup_stm32l475vgtx.o
 .debug_aranges
                0x0000000000000188      0x130 ./Drivers/STM32L4xx_HAL_Driver/Src/stm32l4xx_hal.o
 .debug_aranges
                0x00000000000002b8      0x118 ./Drivers/STM32L4xx_HAL_Driver/Src/stm32l4xx_hal_cortex.o
 .debug_aranges
                0x00000000000003d0      0x150 ./Drivers/STM32L4xx_HAL_Driver/Src/stm32l4xx_hal_pwr_ex.o
 .debug_aranges
                0x0000000000000520       0x90 ./Drivers/STM32L4xx_HAL_Driver/Src/stm32l4xx_hal_rcc.o
 .debug_aranges
                0x00000000000005b0       0x20 ../Core/Lib\libarm_cortexM4lf_math.a(arm_sin_f32.o)
 .debug_aranges
                0x00000000000005d0       0x20 ../Core/Lib\libarm_cortexM4lf_math.a(arm_cos_f32.o)
 .debug_aranges
                0x00000000000005f0       0x18 ../Core/Lib\libarm_cortexM4lf_math.a(arm_common_tables.o)

.debug_str      0x0000000000000000    0xe1cac
 .debug_str     0x0000000000000000       0x69 ./Core/Src/asmfpusqrt.o
 .debug_str     0x0000000000000069       0x17 ./Core/Src/asmx2cos.o
                                         0x67 (size before relaxing)
 .debug_str     0x0000000000000080    0xdf152 ./Core/Src/cnewtonsqrt.o
                                      0xdf4fc (size before relaxing)
 .debug_str     0x00000000000df1d2       0x50 ./Core/Src/cnewtonx2cos.o
                                      0xdf528 (size before relaxing)
 .debug_str     0x00000000000df222      0x4d7 ./Core/Src/main.o
                                      0xdf9af (size before relaxing)
 .debug_str     0x00000000000df6f9       0x2c ./Core/Src/stm32l4xx_hal_msp.o
                                      0xdb118 (size before relaxing)
 .debug_str     0x00000000000df725       0xc9 ./Core/Src/stm32l4xx_it.o
                                      0xdb051 (size before relaxing)
 .debug_str     0x00000000000df7ee       0xfc ./Core/Src/system_stm32l4xx.o
                                      0xdb1df (size before relaxing)
 .debug_str     0x00000000000df8ea       0x28 ./Core/Startup/startup_stm32l475vgtx.o
                                         0x78 (size before relaxing)
 .debug_str     0x00000000000df912      0xa9f ./Drivers/STM32L4xx_HAL_Driver/Src/stm32l4xx_hal.o
                                      0xdbd69 (size before relaxing)
 .debug_str     0x00000000000e03b1      0x350 ./Drivers/STM32L4xx_HAL_Driver/Src/stm32l4xx_hal_cortex.o
                                      0xdba1d (size before relaxing)
 .debug_str     0x00000000000e0701      0x4ef ./Drivers/STM32L4xx_HAL_Driver/Src/stm32l4xx_hal_pwr_ex.o
                                      0xdb6ff (size before relaxing)
 .debug_str     0x00000000000e0bf0      0x432 ./Drivers/STM32L4xx_HAL_Driver/Src/stm32l4xx_hal_rcc.o
                                      0xdb825 (size before relaxing)
 .debug_str     0x00000000000e1022      0xc28 ../Core/Lib\libarm_cortexM4lf_math.a(arm_sin_f32.o)
                                        0xd42 (size before relaxing)
 .debug_str     0x00000000000e1c4a       0x34 ../Core/Lib\libarm_cortexM4lf_math.a(arm_cos_f32.o)
                                        0xd42 (size before relaxing)
 .debug_str     0x00000000000e1c7e       0x2e ../Core/Lib\libarm_cortexM4lf_math.a(arm_common_tables.o)
                                        0xd1d (size before relaxing)

.debug_rnglists
                0x0000000000000000      0x3ef
 .debug_rnglists
                0x0000000000000000       0x14 ./Core/Src/cnewtonsqrt.o
 .debug_rnglists
                0x0000000000000014       0x14 ./Core/Src/cnewtonx2cos.o
 .debug_rnglists
                0x0000000000000028       0x27 ./Core/Src/main.o
 .debug_rnglists
                0x000000000000004f       0x13 ./Core/Src/stm32l4xx_hal_msp.o
 .debug_rnglists
                0x0000000000000062       0x43 ./Core/Src/stm32l4xx_it.o
 .debug_rnglists
                0x00000000000000a5       0x1a ./Core/Src/system_stm32l4xx.o
 .debug_rnglists
                0x00000000000000bf       0x19 ./Core/Startup/startup_stm32l475vgtx.o
 .debug_rnglists
                0x00000000000000d8       0xdf ./Drivers/STM32L4xx_HAL_Driver/Src/stm32l4xx_hal.o
 .debug_rnglists
                0x00000000000001b7       0xce ./Drivers/STM32L4xx_HAL_Driver/Src/stm32l4xx_hal_cortex.o
 .debug_rnglists
                0x0000000000000285       0xfd ./Drivers/STM32L4xx_HAL_Driver/Src/stm32l4xx_hal_pwr_ex.o
 .debug_rnglists
                0x0000000000000382       0x6d ./Drivers/STM32L4xx_HAL_Driver/Src/stm32l4xx_hal_rcc.o

.debug_macro    0x0000000000000000    0x24e27
 .debug_macro   0x0000000000000000      0x2a4 ./Core/Src/cnewtonsqrt.o
 .debug_macro   0x00000000000002a4      0xaa8 ./Core/Src/cnewtonsqrt.o
 .debug_macro   0x0000000000000d4c      0x19b ./Core/Src/cnewtonsqrt.o
 .debug_macro   0x0000000000000ee7       0x2e ./Core/Src/cnewtonsqrt.o
 .debug_macro   0x0000000000000f15       0x28 ./Core/Src/cnewtonsqrt.o
 .debug_macro   0x0000000000000f3d       0x22 ./Core/Src/cnewtonsqrt.o
 .debug_macro   0x0000000000000f5f       0x8e ./Core/Src/cnewtonsqrt.o
 .debug_macro   0x0000000000000fed       0x51 ./Core/Src/cnewtonsqrt.o
 .debug_macro   0x000000000000103e      0x103 ./Core/Src/cnewtonsqrt.o
 .debug_macro   0x0000000000001141       0x6a ./Core/Src/cnewtonsqrt.o
 .debug_macro   0x00000000000011ab      0x1df ./Core/Src/cnewtonsqrt.o
 .debug_macro   0x000000000000138a       0x1c ./Core/Src/cnewtonsqrt.o
 .debug_macro   0x00000000000013a6       0x22 ./Core/Src/cnewtonsqrt.o
 .debug_macro   0x00000000000013c8       0xfb ./Core/Src/cnewtonsqrt.o
 .debug_macro   0x00000000000014c3     0x1011 ./Core/Src/cnewtonsqrt.o
 .debug_macro   0x00000000000024d4      0x11f ./Core/Src/cnewtonsqrt.o
 .debug_macro   0x00000000000025f3    0x19dc7 ./Core/Src/cnewtonsqrt.o
 .debug_macro   0x000000000001c3ba       0x6d ./Core/Src/cnewtonsqrt.o
 .debug_macro   0x000000000001c427     0x38e6 ./Core/Src/cnewtonsqrt.o
 .debug_macro   0x000000000001fd0d      0x174 ./Core/Src/cnewtonsqrt.o
 .debug_macro   0x000000000001fe81       0x5c ./Core/Src/cnewtonsqrt.o
 .debug_macro   0x000000000001fedd     0x1558 ./Core/Src/cnewtonsqrt.o
 .debug_macro   0x0000000000021435      0x5a5 ./Core/Src/cnewtonsqrt.o
 .debug_macro   0x00000000000219da      0x1b9 ./Core/Src/cnewtonsqrt.o
 .debug_macro   0x0000000000021b93      0x17d ./Core/Src/cnewtonsqrt.o
 .debug_macro   0x0000000000021d10      0x26b ./Core/Src/cnewtonsqrt.o
 .debug_macro   0x0000000000021f7b      0x23d ./Core/Src/cnewtonsqrt.o
 .debug_macro   0x00000000000221b8      0x241 ./Core/Src/cnewtonsqrt.o
 .debug_macro   0x00000000000223f9      0x37c ./Core/Src/cnewtonsqrt.o
 .debug_macro   0x0000000000022775       0xd6 ./Core/Src/cnewtonsqrt.o
 .debug_macro   0x000000000002284b      0x122 ./Core/Src/cnewtonsqrt.o
 .debug_macro   0x000000000002296d      0x3e8 ./Core/Src/cnewtonsqrt.o
 .debug_macro   0x0000000000022d55      0x330 ./Core/Src/cnewtonsqrt.o
 .debug_macro   0x0000000000023085       0x61 ./Core/Src/cnewtonsqrt.o
 .debug_macro   0x00000000000230e6       0x2a ./Core/Src/cnewtonsqrt.o
 .debug_macro   0x0000000000023110       0x43 ./Core/Src/cnewtonsqrt.o
 .debug_macro   0x0000000000023153       0x34 ./Core/Src/cnewtonsqrt.o
 .debug_macro   0x0000000000023187       0x16 ./Core/Src/cnewtonsqrt.o
 .debug_macro   0x000000000002319d       0x43 ./Core/Src/cnewtonsqrt.o
 .debug_macro   0x00000000000231e0       0x34 ./Core/Src/cnewtonsqrt.o
 .debug_macro   0x0000000000023214       0x10 ./Core/Src/cnewtonsqrt.o
 .debug_macro   0x0000000000023224       0x58 ./Core/Src/cnewtonsqrt.o
 .debug_macro   0x000000000002327c       0x8e ./Core/Src/cnewtonsqrt.o
 .debug_macro   0x000000000002330a       0x1c ./Core/Src/cnewtonsqrt.o
 .debug_macro   0x0000000000023326      0x177 ./Core/Src/cnewtonsqrt.o
 .debug_macro   0x000000000002349d      0x369 ./Core/Src/cnewtonsqrt.o
 .debug_macro   0x0000000000023806       0x10 ./Core/Src/cnewtonsqrt.o
 .debug_macro   0x0000000000023816       0x35 ./Core/Src/cnewtonsqrt.o
 .debug_macro   0x000000000002384b       0x20 ./Core/Src/cnewtonsqrt.o
 .debug_macro   0x000000000002386b      0x19b ./Core/Src/cnewtonsqrt.o
 .debug_macro   0x0000000000023a06      0x201 ./Core/Src/cnewtonsqrt.o
 .debug_macro   0x0000000000023c07       0xc8 ./Core/Src/cnewtonsqrt.o
 .debug_macro   0x0000000000023ccf      0x2a4 ./Core/Src/cnewtonx2cos.o
 .debug_macro   0x0000000000023f73      0x2ba ./Core/Src/main.o
 .debug_macro   0x000000000002422d      0x1a2 ./Core/Src/stm32l4xx_hal_msp.o
 .debug_macro   0x00000000000243cf      0x1ac ./Core/Src/stm32l4xx_it.o
 .debug_macro   0x000000000002457b      0x198 ./Core/Src/system_stm32l4xx.o
 .debug_macro   0x0000000000024713      0x1e6 ./Drivers/STM32L4xx_HAL_Driver/Src/stm32l4xx_hal.o
 .debug_macro   0x00000000000248f9      0x198 ./Drivers/STM32L4xx_HAL_Driver/Src/stm32l4xx_hal_cortex.o
 .debug_macro   0x0000000000024a91      0x1bc ./Drivers/STM32L4xx_HAL_Driver/Src/stm32l4xx_hal_pwr_ex.o
 .debug_macro   0x0000000000024c4d      0x1da ./Drivers/STM32L4xx_HAL_Driver/Src/stm32l4xx_hal_rcc.o

.debug_frame    0x0000000000000000     0x1574
 .debug_frame   0x0000000000000000       0x38 ./Core/Src/cnewtonsqrt.o
 .debug_frame   0x0000000000000038       0x44 ./Core/Src/cnewtonx2cos.o
 .debug_frame   0x000000000000007c       0x94 ./Core/Src/main.o
 .debug_frame   0x0000000000000110       0x38 ./Core/Src/stm32l4xx_hal_msp.o
 .debug_frame   0x0000000000000148      0x104 ./Core/Src/stm32l4xx_it.o
 .debug_frame   0x000000000000024c       0x58 ./Core/Src/system_stm32l4xx.o
 .debug_frame   0x00000000000002a4      0x498 ./Drivers/STM32L4xx_HAL_Driver/Src/stm32l4xx_hal.o
 .debug_frame   0x000000000000073c      0x498 ./Drivers/STM32L4xx_HAL_Driver/Src/stm32l4xx_hal_cortex.o
 .debug_frame   0x0000000000000bd4      0x544 ./Drivers/STM32L4xx_HAL_Driver/Src/stm32l4xx_hal_pwr_ex.o
 .debug_frame   0x0000000000001118      0x21c ./Drivers/STM32L4xx_HAL_Driver/Src/stm32l4xx_hal_rcc.o
 .debug_frame   0x0000000000001334       0x20 ../Core/Lib\libarm_cortexM4lf_math.a(arm_sin_f32.o)
 .debug_frame   0x0000000000001354       0x20 ../Core/Lib\libarm_cortexM4lf_math.a(arm_cos_f32.o)
 .debug_frame   0x0000000000001374      0x13c C:/ST/STM32CubeIDE_1.13.1/STM32CubeIDE/plugins/com.st.stm32cube.ide.mcu.externaltools.gnu-tools-for-stm32.11.3.rel1.win32_1.1.0.202305231506/tools/bin/../lib/gcc/arm-none-eabi/11.3.1/../../../../arm-none-eabi/lib/thumb/v7e-m+fp/hard\libc_nano.a(libc_a-findfp.o)
 .debug_frame   0x00000000000014b0       0x20 C:/ST/STM32CubeIDE_1.13.1/STM32CubeIDE/plugins/com.st.stm32cube.ide.mcu.externaltools.gnu-tools-for-stm32.11.3.rel1.win32_1.1.0.202305231506/tools/bin/../lib/gcc/arm-none-eabi/11.3.1/../../../../arm-none-eabi/lib/thumb/v7e-m+fp/hard\libc_nano.a(libc_a-memset.o)
 .debug_frame   0x00000000000014d0       0x20 C:/ST/STM32CubeIDE_1.13.1/STM32CubeIDE/plugins/com.st.stm32cube.ide.mcu.externaltools.gnu-tools-for-stm32.11.3.rel1.win32_1.1.0.202305231506/tools/bin/../lib/gcc/arm-none-eabi/11.3.1/../../../../arm-none-eabi/lib/thumb/v7e-m+fp/hard\libc_nano.a(libc_a-errno.o)
 .debug_frame   0x00000000000014f0       0x2c C:/ST/STM32CubeIDE_1.13.1/STM32CubeIDE/plugins/com.st.stm32cube.ide.mcu.externaltools.gnu-tools-for-stm32.11.3.rel1.win32_1.1.0.202305231506/tools/bin/../lib/gcc/arm-none-eabi/11.3.1/../../../../arm-none-eabi/lib/thumb/v7e-m+fp/hard\libc_nano.a(libc_a-init.o)
 .debug_frame   0x000000000000151c       0x38 C:/ST/STM32CubeIDE_1.13.1/STM32CubeIDE/plugins/com.st.stm32cube.ide.mcu.externaltools.gnu-tools-for-stm32.11.3.rel1.win32_1.1.0.202305231506/tools/bin/../lib/gcc/arm-none-eabi/11.3.1/../../../../arm-none-eabi/lib/thumb/v7e-m+fp/hard\libm.a(libm_a-wf_sqrt.o)
 .debug_frame   0x0000000000001554       0x20 C:/ST/STM32CubeIDE_1.13.1/STM32CubeIDE/plugins/com.st.stm32cube.ide.mcu.externaltools.gnu-tools-for-stm32.11.3.rel1.win32_1.1.0.202305231506/tools/bin/../lib/gcc/arm-none-eabi/11.3.1/../../../../arm-none-eabi/lib/thumb/v7e-m+fp/hard\libm.a(libm_a-ef_sqrt.o)

.debug_loc      0x0000000000000000      0x1f4
 .debug_loc     0x0000000000000000       0xfa ../Core/Lib\libarm_cortexM4lf_math.a(arm_sin_f32.o)
 .debug_loc     0x00000000000000fa       0xfa ../Core/Lib\libarm_cortexM4lf_math.a(arm_cos_f32.o)

.debug_ranges   0x0000000000000000       0x20
 .debug_ranges  0x0000000000000000       0x10 ../Core/Lib\libarm_cortexM4lf_math.a(arm_sin_f32.o)
 .debug_ranges  0x0000000000000010       0x10 ../Core/Lib\libarm_cortexM4lf_math.a(arm_cos_f32.o)
